---
source: src/fingerprint.rs
expression: fp.fingerprints()
snapshot_kind: text
---
[
    (
        5280567008640046432,
        2,
    ),
    (
        4341634741185337740,
        4,
    ),
    (
        8486556841783744955,
        6,
    ),
    (
        74726906490296853,
        8,
    ),
]
