---
source: src/winnow.rs
expression: "k_gram(text, k)"
snapshot_kind: text
---
[
    14933753666039946407,
    15743595419283353836,
    5854460708398839771,
    9567916922873921024,
    9083441109061655610,
    3644816450306451792,
    9567916922873921024,
    9083441109061655610,
    16002280810852406985,
    2334463258737088984,
    7761931742328192185,
    9890399422394508185,
    14933753666039946407,
    15743595419283353836,
    5854460708398839771,
    9567916922873921024,
    9083441109061655610,
]
